// Jest Snapshot v1, https://goo.gl/fbAQLP

exports[`Title Form Component renders the form correctly 1`] = `ShallowWrapper {}`;
