// Jest Snapshot v1, https://goo.gl/fbAQLP

exports[`<NewShiftPage /> renders correctly 1`] = `ShallowWrapper {}`;
