// Jest Snapshot v1, https://goo.gl/fbAQLP

exports[`Date and Time Form Component renders form correctly 1`] = `ShallowWrapper {}`;
