// Jest Snapshot v1, https://goo.gl/fbAQLP

exports[`Roles Form Component renders form correctly 1`] = `ShallowWrapper {}`;
